example_00 PASS 0.005419 13369344
extreme_insertion_00 PASS 0.265758 25559040
extreme_insertion_01 PASS 0.27066 25559040
extreme_insertion_02 PASS 0.270832 25559040
max_00 PASS 1.453189 49676288
max_01 PASS 1.130474 25559040
max_02 PASS 2.528429 25559040
max_03 PASS 3.428429 25559040
max_04 PASS 1.912706 25559040
max_random_00 PASS 2.795488 30408704
max_random_01 PASS 2.724156 30408704
max_random_02 PASS 2.712574 30408704
random_00 PASS 1.973131 24248320
random_01 PASS 2.064879 27787264
random_02 PASS 1.062998 15544320
random_03 PASS 0.285686 22544384
random_04 PASS 0.550681 15859712
small_00 PASS 0.005546 15552512
small_01 PASS 0.005522 15552512
small_02 PASS 0.005439 15552512
small_03 PASS 0.005459 15552512
small_04 PASS 0.005546 15552512
small_05 PASS 0.005596 15552512
small_06 PASS 0.005605 15552512
small_07 PASS 0.005551 15552512
small_08 PASS 0.00546 15552512
small_09 PASS 0.005554 15552512
wrong_avl_killer_00 PASS 0.382788 25559040
wrong_avl_killer_01 PASS 0.337281 25559040
wrong_splay_killer_00 PASS 0.351993 15753216
wrong_splay_killer_01 PASS 0.370711 15773696
wrong_splay_killer_02 PASS 0.408996 15806464
wrong_splay_killer_03 PASS 0.40334 15814656
normal 33/33 official cases PASS; wrong-output negative control rejected; not online AC
