example_00 PASS 0.005607 13500416
extreme_insertion_00 PASS 0.846527 33820672
extreme_insertion_01 PASS 0.938138 33820672
extreme_insertion_02 PASS 0.912955 33820672
max_00 PASS 4.414449 60952576
max_01 PASS 3.688408 36835328
max_02 PASS 7.014508 36835328
max_03 PASS 10.694332 36835328
max_04 PASS 5.747112 36835328
max_random_00 PASS 8.094123 41684992
max_random_01 PASS 8.137253 41553920
max_random_02 PASS 7.50886 41684992
random_00 PASS 5.87823 34344960
random_01 PASS 6.355861 38277120
random_02 PASS 3.528295 15732736
random_03 PASS 1.049383 30412800
random_04 PASS 1.683923 23334912
small_00 PASS 0.010521 15585280
small_01 PASS 0.010694 15585280
small_02 PASS 0.01064 15585280
small_03 PASS 0.010713 15585280
small_04 PASS 0.010647 15585280
small_05 PASS 0.010524 15585280
small_06 PASS 0.01053 15585280
small_07 PASS 0.005453 15585280
small_08 PASS 0.010734 15585280
small_09 PASS 0.010564 15585280
wrong_avl_killer_00 PASS 1.597522 33820672
wrong_avl_killer_01 PASS 1.530539 33820672
wrong_splay_killer_00 PASS 1.340145 21893120
wrong_splay_killer_01 PASS 1.248717 21893120
wrong_splay_killer_02 PASS 1.67365 21942272
wrong_splay_killer_03 PASS 1.906685 21893120
asan_ubsan_lsan_off 33/33 official cases PASS; wrong-output negative control rejected; not online AC
